0 verbose cli C:\Program Files\nodejs\node.exe C:\Program Files\nodejs\node_modules\npm\bin\npm-cli.js
1 info using npm@10.8.2
2 info using node@v20.20.0
3 silly config load:file:C:\Program Files\nodejs\node_modules\npm\npmrc
4 silly config load:file:C:\Users\HYPE\project\villa-engine\engine\BACKUP-ENGINE\BUILD\stockysee\.npmrc
5 silly config load:file:C:\Users\HYPE\.npmrc
6 silly config load:file:C:\Users\HYPE\AppData\Roaming\npm\etc\npmrc
7 verbose title npm install
8 verbose argv "install" "--cache" "./local-cache" "--no-audit" "--no-fund"
9 verbose logfile logs-max:10 dir:C:\Users\HYPE\project\villa-engine\engine\BACKUP-ENGINE\BUILD\stockysee\local-cache\_logs\2026-05-06T03_20_49_089Z-
10 verbose logfile C:\Users\HYPE\project\villa-engine\engine\BACKUP-ENGINE\BUILD\stockysee\local-cache\_logs\2026-05-06T03_20_49_089Z-debug-0.log
11 silly packumentCache heap:2197815296 maxSize:549453824 maxEntrySize:274726912
12 silly logfile done cleaning log files
13 silly idealTree buildDeps
14 silly fetch manifest dotenv@16.4.5
15 silly packumentCache full:https://registry.npmjs.org/dotenv cache-miss
16 verbose shrinkwrap failed to load node_modules/.package-lock.json out of date, updated: node_modules
17 http fetch GET 200 https://registry.npmjs.org/dotenv 378ms (cache miss)
18 silly packumentCache full:https://registry.npmjs.org/dotenv set size:undefined disposed:false
19 silly fetch manifest @types/node@20.12.12
20 silly packumentCache full:https://registry.npmjs.org/@types%2fnode cache-miss
21 http fetch GET 200 https://registry.npmjs.org/npm 592ms
22 http fetch GET 200 https://registry.npmjs.org/@types%2fnode 1173ms (cache miss)
23 silly packumentCache full:https://registry.npmjs.org/@types%2fnode set size:undefined disposed:false
24 silly fetch manifest @types/react@18.2.0
25 silly packumentCache full:https://registry.npmjs.org/@types%2freact cache-miss
26 http fetch GET 200 https://registry.npmjs.org/@types%2freact 248ms (cache miss)
27 silly packumentCache full:https://registry.npmjs.org/@types%2freact set size:undefined disposed:false
28 silly fetch manifest @types/react-dom@18.2.0
29 silly packumentCache full:https://registry.npmjs.org/@types%2freact-dom cache-miss
30 http fetch GET 200 https://registry.npmjs.org/@types%2freact-dom 139ms (cache miss)
31 silly packumentCache full:https://registry.npmjs.org/@types%2freact-dom set size:undefined disposed:false
32 silly fetch manifest eslint@8.57.0
33 silly packumentCache full:https://registry.npmjs.org/eslint cache-miss
34 http fetch GET 200 https://registry.npmjs.org/eslint 145ms (cache miss)
35 silly packumentCache full:https://registry.npmjs.org/eslint set size:undefined disposed:false
36 silly fetch manifest postcss@8.4.38
37 silly packumentCache full:https://registry.npmjs.org/postcss cache-miss
38 http fetch GET 200 https://registry.npmjs.org/postcss 138ms (cache miss)
39 silly packumentCache full:https://registry.npmjs.org/postcss set size:undefined disposed:false
40 silly fetch manifest tailwindcss@3.4.1
41 silly packumentCache full:https://registry.npmjs.org/tailwindcss cache-miss
42 http fetch GET 200 https://registry.npmjs.org/tailwindcss 1215ms (cache miss)
43 silly packumentCache full:https://registry.npmjs.org/tailwindcss set size:undefined disposed:false
44 silly fetch manifest typescript@5.4.5
45 silly packumentCache full:https://registry.npmjs.org/typescript cache-miss
46 http fetch GET 200 https://registry.npmjs.org/typescript 1622ms (cache miss)
47 silly packumentCache full:https://registry.npmjs.org/typescript set size:undefined disposed:false
48 silly placeDep ROOT @types/node@20.12.12 REPLACE for: stockysee@0.1.0 want: 20.12.12
49 silly placeDep ROOT @types/react@18.2.0 REPLACE for: stockysee@0.1.0 want: 18.2.0
50 silly placeDep ROOT @types/react-dom@18.2.0 REPLACE for: stockysee@0.1.0 want: 18.2.0
51 silly placeDep ROOT dotenv@16.4.5 REPLACE for: stockysee@0.1.0 want: 16.4.5
52 silly placeDep ROOT eslint@8.57.0 REPLACE for: stockysee@0.1.0 want: 8.57.0
53 silly placeDep ROOT postcss@8.4.38 REPLACE for: stockysee@0.1.0 want: 8.4.38
54 silly placeDep ROOT tailwindcss@3.4.1 REPLACE for: stockysee@0.1.0 want: 3.4.1
55 silly placeDep ROOT typescript@5.4.5 REPLACE for: stockysee@0.1.0 want: 5.4.5
56 silly fetch manifest undici-types@~5.26.4
57 silly packumentCache full:https://registry.npmjs.org/undici-types cache-miss
58 silly fetch manifest @types/scheduler@*
59 silly packumentCache full:https://registry.npmjs.org/@types%2fscheduler cache-miss
60 silly fetch manifest @eslint/js@8.57.0
61 silly packumentCache full:https://registry.npmjs.org/@eslint%2fjs cache-miss
62 silly fetch manifest @humanwhocodes/config-array@^0.11.14
63 silly packumentCache full:https://registry.npmjs.org/@humanwhocodes%2fconfig-array cache-miss
64 silly fetch manifest jiti@^1.19.1
65 silly packumentCache full:https://registry.npmjs.org/jiti cache-miss
66 silly fetch manifest lilconfig@^2.1.0
67 silly packumentCache full:https://registry.npmjs.org/lilconfig cache-miss
68 silly fetch manifest postcss-load-config@^4.0.1
69 silly packumentCache full:https://registry.npmjs.org/postcss-load-config cache-miss
70 http fetch GET 200 https://registry.npmjs.org/@types%2fscheduler 101ms (cache miss)
71 silly packumentCache full:https://registry.npmjs.org/@types%2fscheduler set size:undefined disposed:false
72 http fetch GET 200 https://registry.npmjs.org/undici-types 150ms (cache miss)
73 silly packumentCache full:https://registry.npmjs.org/undici-types set size:undefined disposed:false
74 http fetch GET 200 https://registry.npmjs.org/postcss-load-config 205ms (cache miss)
75 silly packumentCache full:https://registry.npmjs.org/postcss-load-config set size:undefined disposed:false
76 http fetch GET 200 https://registry.npmjs.org/@eslint%2fjs 218ms (cache miss)
77 silly packumentCache full:https://registry.npmjs.org/@eslint%2fjs set size:undefined disposed:false
78 http fetch GET 200 https://registry.npmjs.org/@humanwhocodes%2fconfig-array 252ms (cache miss)
79 silly packumentCache full:https://registry.npmjs.org/@humanwhocodes%2fconfig-array set size:undefined disposed:false
80 http fetch GET 200 https://registry.npmjs.org/jiti 296ms (cache miss)
81 silly packumentCache full:https://registry.npmjs.org/jiti set size:undefined disposed:false
82 http fetch GET 200 https://registry.npmjs.org/lilconfig 418ms (cache miss)
83 silly packumentCache full:https://registry.npmjs.org/lilconfig set size:undefined disposed:false
84 silly placeDep ROOT undici-types@5.26.5 OK for: @types/node@20.12.12 want: ~5.26.4
85 silly placeDep ROOT @types/scheduler@0.26.0 OK for: @types/react@18.2.0 want: *
86 silly fetch manifest fsevents@~2.3.2
87 silly packumentCache full:https://registry.npmjs.org/fsevents cache-miss
88 http fetch GET 200 https://registry.npmjs.org/fsevents 117ms (cache miss)
89 silly packumentCache full:https://registry.npmjs.org/fsevents set size:undefined disposed:false
90 silly placeDep ROOT fsevents@2.3.3 KEEP for: chokidar@3.6.0 want: ~2.3.2
91 verbose stack TypeError: Invalid Version: 
91 verbose stack     at new SemVer (C:\Program Files\nodejs\node_modules\npm\node_modules\semver\classes\semver.js:38:13)
91 verbose stack     at compare (C:\Program Files\nodejs\node_modules\npm\node_modules\semver\functions\compare.js:3:32)
91 verbose stack     at Object.gte (C:\Program Files\nodejs\node_modules\npm\node_modules\semver\functions\gte.js:2:30)
91 verbose stack     at Node.canDedupe (C:\Program Files\nodejs\node_modules\npm\node_modules\@npmcli\arborist\lib\node.js:1081:32)
91 verbose stack     at PlaceDep.pruneDedupable (C:\Program Files\nodejs\node_modules\npm\node_modules\@npmcli\arborist\lib\place-dep.js:426:14)
91 verbose stack     at PlaceDep.pruneDedupable (C:\Program Files\nodejs\node_modules\npm\node_modules\@npmcli\arborist\lib\place-dep.js:444:14)
91 verbose stack     at PlaceDep.pruneDedupable (C:\Program Files\nodejs\node_modules\npm\node_modules\@npmcli\arborist\lib\place-dep.js:444:14)
91 verbose stack     at new PlaceDep (C:\Program Files\nodejs\node_modules\npm\node_modules\@npmcli\arborist\lib\place-dep.js:219:12)
91 verbose stack     at #buildDepStep (C:\Program Files\nodejs\node_modules\npm\node_modules\@npmcli\arborist\lib\arborist\build-ideal-tree.js:917:18)
91 verbose stack     at async Arborist.buildIdealTree (C:\Program Files\nodejs\node_modules\npm\node_modules\@npmcli\arborist\lib\arborist\build-ideal-tree.js:181:7)
92 error Invalid Version: 
93 silly unfinished npm timer reify 1778037649457
94 silly unfinished npm timer reify:loadTrees 1778037649507
95 silly unfinished npm timer idealTree:buildDeps 1778037649626
96 silly unfinished npm timer idealTree:node_modules/chokidar 1778037655450
97 verbose cwd C:\Users\HYPE\project\villa-engine\engine\BACKUP-ENGINE\BUILD\stockysee
98 verbose os Windows_NT 10.0.26200
99 verbose node v20.20.0
100 verbose npm  v10.8.2
101 notice
101 notice New major version of npm available! 10.8.2 -> 11.13.0
101 notice Changelog: https://github.com/npm/cli/releases/tag/v11.13.0
101 notice To update run: npm install -g npm@11.13.0
101 notice  { force: true, [Symbol(proc-log.meta)]: true }
102 verbose exit 1
103 verbose code 1
104 error A complete log of this run can be found in: C:\Users\HYPE\project\villa-engine\engine\BACKUP-ENGINE\BUILD\stockysee\local-cache\_logs\2026-05-06T03_20_49_089Z-debug-0.log
